  x The "use client" directive must be placed before other expressions. Move it to the top of the file to resolve this issue.
   ,-[input.js:6:1]
 5 | // prettier-ignore
 6 | 'use client'
   : ^^^^^^^^^^^^
   `----
