  x Route segment config "runtime" is not compatible with `nextConfig.experimental.useCache`. Please remove it.
   ,-[input.js:1:1]
 1 | export const runtime = 'edge'
   :              ^^^^^^^
 2 | // The following route segment configs are currently allowed:
   `----
