  x ImageResponse moved from "next/server" to "next/og" since Next.js 14, please import from "next/og" instead
   ,-[input.js:5:1]
 4 | 
 5 | import { ImageResponse } from 'next/server'
   :          ^^^^^^^^^^^^^
   `----
