  x It's not possible to have both `use client` and `use server` directives in the same file.
   ,-[input.js:6:1]
 5 | 
 6 | 'use server'
   : ^^^^^^^^^^^^
   `----
