  x Font loader calls must be assigned to an identifier
   ,-[input.js:3:1]
 2 | 
 3 | const { a } = Inter({
   :       ^^^^^
 4 |   variant: '400',
   `----
  x Font loader calls must be assigned to an identifier
   ,-[input.js:7:1]
 6 | 
 7 | const [b] = Inter({
   :       ^^^
 8 |   variant: '400',
   `----
