  x Server Actions must be async functions.
  | 
   ,-[input.js:3:1]
 2 | 
 3 | export default () => {}
   :                ^^^^^^^^
   `----
