  x You can not use getStaticProps or getStaticPaths with getServerSideProps. To use SSG, please remove getServerSideProps
   ,-[input.js:1:1]
 1 | export { getStaticProps, getServerSideProps }
   :                          ^^^^^^^^^^^^^^^^^^
   `----
