  x The "use server" directive must be at the top of the function body.
  | 
    ,-[input.js:10:1]
  9 |   // prettier-ignore
 10 |   'use server'
    :   ^^^^^^^^^^^^
 11 | }
    `----
