error[E0277]: the trait bound `Vc<i32>: NonLocalValue` is not satisfied
 --> tests/derive_non_local_value/fail_contains_vc_inside_generic.rs:7:8
  |
7 |     a: Option<Box<[Vc<i32>; 4]>>,
  |        ^^^^^^^^^^^^^^^^^^^^^^^^^ the trait `NonLocalValue` is not implemented for `Vc<i32>`
  |
  = help: the following other types implement trait `NonLocalValue`:
            &T
            &mut T
            ()
            (A, Z, Y, X, W, V, U, T)
            (B, A, Z, Y, X, W, V, U, T)
            (C, B, A, Z, Y, X, W, V, U, T)
            (D, C, B, A, Z, Y, X, W, V, U, T)
            (E, D, C, B, A, Z, Y, X, W, V, U, T)
          and $N others
  = note: required for `[Vc<i32>; 4]` to implement `NonLocalValue`
  = note: 2 redundant requirements hidden
  = note: required for `std::option::Option<Box<[Vc<i32>; 4]>>` to implement `NonLocalValue`
note: required by a bound in `DeriveNonLocalValueAssertion::assert_impl_NonLocalValue`
 --> tests/derive_non_local_value/fail_contains_vc_inside_generic.rs:5:10
  |
5 | #[derive(NonLocalValue)]
  |          ^^^^^^^^^^^^^ required by this bound in `DeriveNonLocalValueAssertion::assert_impl_NonLocalValue`
  = note: this error originates in the derive macro `NonLocalValue` (in Nightly builds, run with -Z macro-backtrace for more info)
