  x Only async functions are allowed to be exported in a "use server" file.
  | 
   ,-[input.js:3:1]
 2 | 
 3 | export * from 'foo'
   : ^^^^^^^^^^^^^^^^^^^
   `----
