  x You're importing a component that imports client-only. It only works in a Client Component but none of its parents are marked with "use client", so they're Server Components by default.\nLearn
  | more: https://nextjs.org/docs/app/building-your-application/rendering\n\n
   ,-[input.js:9:1]
 8 | 
 9 | import 'client-only'
   : ^^^^^^^^^^^^^^^^^^^^
   `----
