  x "use cache" functions must be async functions.
  | 
   ,-[input.js:3:1]
 2 | 
 3 | export default function () {}
   :                ^^^^^^^^^^^^^^
 4 | export function foo() {}
   `----
  x "use cache" functions must be async functions.
  | 
   ,-[input.js:4:1]
 3 | export default function () {}
 4 | export function foo() {}
   :        ^^^^^^^^^^^^^^^^^
 5 | export const bar = () => {}
   `----
  x "use cache" functions must be async functions.
  | 
   ,-[input.js:5:1]
 4 | export function foo() {}
 5 | export const bar = () => {}
   :                    ^^^^^^^^
 6 | export const baz = 42
   `----
  x Only async functions are allowed to be exported in a "use cache" file.
  | 
   ,-[input.js:6:1]
 5 | export const bar = () => {}
 6 | export const baz = 42
   : ^^^^^^^^^^^^^^^^^^^^^
   `----
