  x You can not use getStaticProps or getStaticPaths with getServerSideProps. To use SSG, please remove getServerSideProps
   ,-[input.js:2:1]
 1 | export { a as getServerSideProps } from './input'
 2 | export { getStaticPaths } from 'a'
   :          ^^^^^^^^^^^^^^
   `----
