  x "getStaticProps" is not supported in app/. Read more: https://nextjs.org/docs/app/building-your-application/data-fetching
  | 
  | 
   ,-[input.js:1:1]
 1 | export function getStaticProps() {}
   :                 ^^^^^^^^^^^^^^
   `----
